{
  "samples": [
    [
      "b",
      "1",
      "f",
      "E",
      "C"
    ],
    [
      "f",
      "e",
      "d",
      "1",
      "3"
    ],
    [
      "B",
      "f",
      "8",
      "D",
      "e",
      "c",
      "d",
      "0",
      "f",
      "8"
    ],
    [
      "0",
      "C",
      "3",
      "4",
      "f"
    ],
    [
      "3",
      "E",
      "3",
      "B",
      "d",
      "A",
      "a",
      "e"
    ],
    [
      "E",
      "C",
      "d",
      "0",
      "B",
      "E",
      "5",
      "1",
      "A"
    ],
    [
      "E",
      "9",
      "7",
      "d",
      "a",
      "9",
      "2",
      "B",
      "5"
    ],
    [
      "b",
      "8",
      "2",
      "A",
      "A",
      "4",
      "a",
      "D",
      "1",
      "c"
    ],
    [
      "5",
      "C",
      "F",
      "1",
      "f",
      "5",
      "B",
      "9"
    ],
    [
      "a",
      "E",
      "8",
      "b"
    ]
  ],
  "seed": {
    "gamma": 2138340121576991181,
    "value": 1.5715788696195454454e19
  },
  "size": 2108
}